25.12.2024 21:41:57: Starting execution for Algorithm: quick, DataSize: 1000, Order: random
25.12.2024 21:41:57: Executing quick sort...
25.12.2024 21:41:57: Completed execution for quick.
25.12.2024 21:41:57: Starting execution for Algorithm: quick, DataSize: 1000, Order: partially sorted
25.12.2024 21:41:57: Executing quick sort...
25.12.2024 21:41:57: Completed execution for quick.
25.12.2024 21:41:57: Starting execution for Algorithm: quick, DataSize: 1000, Order: reverse
25.12.2024 21:41:57: Executing quick sort...
25.12.2024 21:41:57: Completed execution for quick.
25.12.2024 21:41:57: Starting execution for Algorithm: quick, DataSize: 10000, Order: random
25.12.2024 21:41:57: Executing quick sort...
25.12.2024 21:41:57: Completed execution for quick.
25.12.2024 21:41:57: Starting execution for Algorithm: quick, DataSize: 10000, Order: partially sorted
25.12.2024 21:41:57: Executing quick sort...
25.12.2024 21:41:57: Completed execution for quick.
25.12.2024 21:41:57: Starting execution for Algorithm: quick, DataSize: 10000, Order: reverse
25.12.2024 21:41:57: Executing quick sort...
25.12.2024 21:41:58: Completed execution for quick.
25.12.2024 21:41:58: Starting execution for Algorithm: quick, DataSize: 100000, Order: random
25.12.2024 21:41:58: Executing quick sort...
25.12.2024 21:41:58: Completed execution for quick.
25.12.2024 21:41:58: Starting execution for Algorithm: quick, DataSize: 100000, Order: partially sorted
25.12.2024 21:41:58: Executing quick sort...
